// Jest Snapshot v1, https://goo.gl/fbAQLP

exports[`chatbox has a valid snapshot 1`] = `
<div
  className="chatbox"
>
  <form
    onSubmit={[Function]}
  >
    <input
      onChange={[Function]}
      type="text"
      value=""
    />
    <button
      className="btn waves-effect waves-light"
      disabled={false}
      name="action"
      type="submit"
    >
      Send
      <i
        className="material-icons right"
      >
        send
      </i>
    </button>
  </form>
</div>
`;
