// Jest Snapshot v1, https://goo.gl/fbAQLP

exports[`Fire Chat has a valid snapshot 1`] = `
<div>
  <div
    className="chatbox"
  >
    <form
      onSubmit={[Function]}
    >
      <input
        onChange={[Function]}
        type="textbox"
        value=""
      />
      <button
        disabled={false}
        type="submit"
      >
        Send
      </button>
    </form>
  </div>
</div>
`;
